<?xml version="1.0" encoding="utf-8"?>
<!DOCTYPE html PUBLIC "-//W3C//DTD XHTML 1.0 Strict//EN" "http://www.w3.org/TR/xhtml1/DTD/xhtml1-strict.dtd">
<html xmlns="http://www.w3.org/1999/xhtml" xml:lang="fr" lang="fr">

<!-- Mirrored from 192.168.1.1/cgi-bin/luci/;stok=a60874d2283a270704d35fda36d0f49c/admin/status/dmesg/ by HTTrack Website Copier/3.x [XR&CO'2010], Thu, 24 Feb 2011 17:18:35 GMT -->
<!-- Added by HTTrack --><meta http-equiv="content-type" content="text/html;charset=UTF-8"><!-- /Added by HTTrack -->
<head>
<meta http-equiv="Content-Type" content="text/html; charset=utf-8" />
<meta http-equiv="Content-Script-Type" content="text/javascript" />
<link rel="stylesheet" type="text/css" media="screen" href="../../luci-static/openwrt.org/cascade.css" />
<!--[if IE 6]><link rel="stylesheet" type="text/css" media="screen" href="/luci-static/openwrt.org/ie6.css" /><![endif]-->
<!--[if IE 7]><link rel="stylesheet" type="text/css" media="screen" href="/luci-static/openwrt.org/ie7.css" /><![endif]-->
<!--[if IE 8]><link rel="stylesheet" type="text/css" media="screen" href="/luci-static/openwrt.org/ie8.css" /><![endif]-->
<script type="text/javascript" src="../../luci-static/resources/xhr.js"></script>
<title>OpenWrt - Journal du noyau - LuCI</title>
</head>
<body class="lang_fr">

<p class="skiplink">
<span id="skiplink1"><a href="#navigation">Skip to navigation</a></span>
<span id="skiplink2"><a href="#content">Skip to content</a></span>
</p>

<div id="menubar">
<h2 class="navigation"><a id="navigation" name="navigation">Navigation</a></h2>

<div class="hostinfo">
	OpenWrt | Attitude Adjustment (r25661) |
	Charger: 0.18 0.08 0.02
</div>

<ul id="modemenu">
<li><a class="active" href="../../index.html">Administration</a></li>
</ul>

<div id="savemenu">
	<a href="#">Changements: 0</a>
	</div>

<div class="clear"></div>
</div>

<div id="maincontainer">
	<div id="tabmenu">
		
	<div class="tabmenu1">
	<ul class="tabmenu l1">
		
			<li class="tabmenu-item-status active">
				<a href="../index.html">Status</a>
			</li>
		
			<li class="tabmenu-item-system">
				<a href="../../system/index.html">Système</a>
			</li>
		
			<li class="tabmenu-item-services">
				<a href="../../services/index.html">Services</a>
			</li>
		
			<li class="tabmenu-item-network">
				<a href="../../network/index.html">Réseau</a>
			</li>
		
			<li class="tabmenu-item-logout">
				<a href="javascript:alert('Indisponible dans cette copie d\'interface');">Déconnexion</a>
			</li>
		
	</ul>
	<br style="clear:both" />

	<div class="tabmenu2">
	<ul class="tabmenu l2">
		
			<li class="tabmenu-item-interfaces">
				<a href="../interfaces/index.html">Interfaces</a>
			</li>
		
			<li class="tabmenu-item-iptables">
				<a href="../iptables/index.html">Pare-Feu</a>
			</li>
		
			<li class="tabmenu-item-conntrack">
				<a href="../conntrack/index.html">Connexions Actives</a>
			</li>
		
			<li class="tabmenu-item-routes">
				<a href="../routes/index.html">Route</a>
			</li>
		
			<li class="tabmenu-item-syslog">
				<a href="../syslog/index.html">Journal système</a>
			</li>
		
			<li class="tabmenu-item-dmesg active">
				<a href="index.html">Journal du noyau</a>
			</li>
		
			<li class="tabmenu-item-load">
				<a href="../load/index.html">Realtime Load</a>
			</li>
		
			<li class="tabmenu-item-bandwidth">
				<a href="../bandwidth/index.html">Realtime Traffic</a>
			</li>
		
			<li class="tabmenu-item-connections">
				<a href="../connections/index.html">Realtime Connections</a>
			</li>
		
	</ul>
	<br style="clear:both" />

	</div>

	</div>

	</div>

	<div id="maincontent">
		<noscript>
			<div class="errorbox">
				<strong>Java Script required!</strong><br />
				You must enable Java Script in your browser or LuCI will not work properly.
			</div>
		</noscript>

<h2><a id="content" name="content">Journal du noyau</a></h2>
<div id="content_syslog">
<textarea readonly="readonly" wrap="off" rows="195" id="syslog">Linux version 2.6.32.29 (buildslave@dd.das-iro.de) (gcc version 4.3.3 (GCC) ) #1 Mon Feb 21 02:06:07 CET 2011
prom: fw_arg0=00000006, fw_arg1=a3f5ffb0, fw_arg2=a3f604a0, fw_arg3=00000008
MyLoader: sysp=aaaa5554, boardp=aaaa5554, parts=aaaa5554
bootconsole [early0] enabled
CPU revision is: 00019374 (MIPS 24Kc)
Atheros AR7161 rev 2, CPU:680.000 MHz, AHB:170.000 MHz, DDR:340.000 MHz
Determined physical RAM map:
 memory: 04000000 @ 00000000 (usable)
Initrd not found or empty - disabling initrd
Zone PFN ranges:
  Normal   0x00000000 -&#62; 0x00004000
Movable zone start PFN for each node
early_node_map[1] active PFN ranges
    0: 0x00000000 -&#62; 0x00004000
On node 0 totalpages: 16384
free_area_init_node: node 0, pgdat 802c4880, node_mem_map 81000000
  Normal zone: 128 pages used for memmap
  Normal zone: 0 pages reserved
  Normal zone: 16256 pages, LIFO batch:3
Built 1 zonelists in Zone order, mobility grouping on.  Total pages: 16256
Kernel command line: rootfstype=squashfs,jffs2 noinitrd console=ttyS0,115200 board=WNDR3700 mtdparts=spi0.0:320k(u-boot)ro,128k(u-boot-env)ro,1024k(kernel),6656k(rootfs),64k(art)ro,7680k@0x70000(firmware)
PID hash table entries: 256 (order: -2, 1024 bytes)
Dentry cache hash table entries: 8192 (order: 3, 32768 bytes)
Inode-cache hash table entries: 4096 (order: 2, 16384 bytes)
Primary instruction cache 64kB, VIPT, 4-way, linesize 32 bytes.
Primary data cache 32kB, 4-way, VIPT, cache aliases, linesize 32 bytes
Writing ErrCtl register=00000000
Readback ErrCtl register=00000000
Memory: 61788k/65536k available (2060k kernel code, 3672k reserved, 392k data, 152k init, 0k highmem)
SLUB: Genslabs=7, HWalign=32, Order=0-3, MinObjects=0, CPUs=1, Nodes=1
Hierarchical RCU implementation.
NR_IRQS:56
Calibrating delay loop... 452.19 BogoMIPS (lpj=2260992)
Mount-cache hash table entries: 512
NET: Registered protocol family 16
MIPS: machine is NETGEAR WNDR3700
registering PCI controller with io_map_base unset
bio: create slab &#60;bio-0&#62; at 0
pci 0000:00:00.0: reg 10 32bit mmio pref: [0x000000-0xfffffff]
pci 0000:00:00.0: reg 14 io port: [0x00-0xff]
pci 0000:00:00.0: supports D1 D2
pci 0000:00:00.0: PME# supported from D0 D1 D2 D3hot
pci 0000:00:00.0: PME# disabled
pci 0000:00:11.0: fixup device configuration
pci 0000:00:11.0: reg 10 32bit mmio: [0x000000-0x00ffff]
pci 0000:00:11.0: PME# supported from D0 D3hot
pci 0000:00:11.0: PME# disabled
pci 0000:00:12.0: fixup device configuration
pci 0000:00:12.0: reg 10 32bit mmio: [0x000000-0x00ffff]
pci 0000:00:12.0: PME# supported from D0 D3hot
pci 0000:00:12.0: PME# disabled
PCI: mapping irq 48 to pin1@0000:00:11.0
PCI: mapping irq 49 to pin1@0000:00:12.0
Switching to clocksource MIPS
NET: Registered protocol family 2
IP route cache hash table entries: 1024 (order: 0, 4096 bytes)
TCP established hash table entries: 2048 (order: 2, 16384 bytes)
TCP bind hash table entries: 2048 (order: 1, 8192 bytes)
TCP: Hash tables configured (established 2048 bind 2048)
TCP reno registered
NET: Registered protocol family 1
squashfs: version 4.0 (2009/01/31) Phillip Lougher
Registering mini_fo version $Id: index.html,v 1.1 2011/02/24 13:48:25 aurore Exp $
JFFS2 version 2.2 (NAND) (SUMMARY) (LZMA) (RTIME) (CMODE_PRIORITY) (c) 2001-2006 Red Hat, Inc.
msgmni has been set to 120
io scheduler noop registered
io scheduler deadline registered (default)
Serial: 8250/16550 driver, 1 ports, IRQ sharing disabled
serial8250.0: ttyS0 at MMIO 0x18020000 (irq = 11) is a 16550A
console [ttyS0] enabled, bootconsole disabled
Atheros AR71xx SPI Controller driver version 0.2.4
m25p80 spi0.0: mx25l6405d (8192 Kbytes)
6 cmdlinepart partitions found on MTD device spi0.0
Creating 6 MTD partitions on &#34;spi0.0&#34;:
0x000000000000-0x000000050000 : &#34;u-boot&#34;
0x000000050000-0x000000070000 : &#34;u-boot-env&#34;
0x000000070000-0x000000170000 : &#34;kernel&#34;
0x000000170000-0x0000007f0000 : &#34;rootfs&#34;
mtd: partition &#34;rootfs&#34; set to be root filesystem
mtd: partition &#34;rootfs_data&#34; created automatically, ofs=2F0000, len=500000 
0x0000002f0000-0x0000007f0000 : &#34;rootfs_data&#34;
0x0000007f0000-0x000000800000 : &#34;art&#34;
0x000000070000-0x0000007f0000 : &#34;firmware&#34;
Realtek RTL8366S ethernet switch driver version 0.2.2
rtl8366s rtl8366s: using GPIO pins 5 (SDA) and 7 (SCK)
rtl8366s rtl8366s: RTL8366 ver. 1 chip found
rtl8366s: probed
eth0: Atheros AG71xx at 0xb9000000, irq 4
eth0: using fixed link parameters
eth1: Atheros AG71xx at 0xba000000, irq 5
eth1: connected to PHY at rtl8366s:04 [uid=001cc960, driver=Realtek RTL8366S]
Atheros AR71xx hardware watchdog driver version 0.1.0
ar71xx-wdt: timeout=15 secs (max=25)
TCP westwood registered
NET: Registered protocol family 17
Bridge firewalling registered
802.1Q VLAN Support v1.8 Ben Greear &#60;greearb@candelatech.com&#62;
All bugs added by David S. Miller &#60;davem@redhat.com&#62;
VFS: Mounted root (squashfs filesystem) readonly on device 31:3.
Freeing unused kernel memory: 152k freed
Please be patient, while OpenWrt loads ...
input: gpio-buttons as /devices/platform/gpio-buttons/input/input0
Button Hotplug driver version 0.4.1
ar71xx: pll_reg 0xb8050010: 0x11110000
eth0: link up (1000Mbps/Full duplex)
Registered led device: wndr3700:green:power
Registered led device: wndr3700:orange:power
Registered led device: wndr3700:green:wps
Registered led device: wndr3700:orange:wps
Registered led device: wndr3700:green:wan
mini_fo: using base directory: /
mini_fo: using storage directory: /tmp/root
eth0: link down
ar71xx: pll_reg 0xb8050010: 0x11110000
eth0: link up (1000Mbps/Full duplex)
device eth0.1 entered promiscuous mode
device eth0 entered promiscuous mode
br-lan: port 1(eth0.1) entering forwarding state
Compat-wireless backport release: compat-wireless-2011-01-31-4-g86702b3
Backport based on wireless-testing.git master-2011-02-07
cfg80211: Calling CRDA to update world regulatory domain
usbcore: registered new interface driver usbfs
usbcore: registered new interface driver hub
usbcore: registered new device driver usb
cfg80211: World regulatory domain updated:
cfg80211:     (start_freq - end_freq @ bandwidth), (max_antenna_gain, max_eirp)
cfg80211:     (2402000 KHz - 2472000 KHz @ 40000 KHz), (300 mBi, 2000 mBm)
cfg80211:     (2457000 KHz - 2482000 KHz @ 20000 KHz), (300 mBi, 2000 mBm)
cfg80211:     (2474000 KHz - 2494000 KHz @ 20000 KHz), (300 mBi, 2000 mBm)
cfg80211:     (5170000 KHz - 5250000 KHz @ 40000 KHz), (300 mBi, 2000 mBm)
cfg80211:     (5735000 KHz - 5835000 KHz @ 40000 KHz), (300 mBi, 2000 mBm)
PCI: Enabling device 0000:00:11.0 (0000 -&#62; 0002)
ath: EEPROM regdomain: 0x0
ath: EEPROM indicates default country code should be used
ath: doing EEPROM country-&#62;regdmn map search
ath: country maps to regdmn code: 0x3a
ath: Country alpha2 being used: US
ath: Regpair used: 0x3a
ieee80211 phy0: Selected rate control algorithm &#39;minstrel_ht&#39;
Registered led device: ath9k-phy0
ieee80211 phy0: Atheros AR9280 Rev:2 mem=0xb0000000, irq=48
PCI: Enabling device 0000:00:12.0 (0000 -&#62; 0002)
ath: EEPROM regdomain: 0x0
ath: EEPROM indicates default country code should be used
ath: doing EEPROM country-&#62;regdmn map search
ath: country maps to regdmn code: 0x3a
ath: Country alpha2 being used: US
ath: Regpair used: 0x3a
cfg80211: Calling CRDA for country: US
ar71xx: pll_reg 0xb8050014: 0x1099
eth1: link up (100Mbps/Full duplex)
ieee80211 phy1: Selected rate control algorithm &#39;minstrel_ht&#39;
Registered led device: ath9k-phy1
ieee80211 phy1: Atheros AR9280 Rev:2 mem=0xb0010000, irq=49
cfg80211: Regulatory domain changed to country: US
cfg80211:     (start_freq - end_freq @ bandwidth), (max_antenna_gain, max_eirp)
cfg80211:     (2402000 KHz - 2472000 KHz @ 40000 KHz), (300 mBi, 2700 mBm)
cfg80211:     (5170000 KHz - 5250000 KHz @ 40000 KHz), (300 mBi, 1700 mBm)
cfg80211:     (5250000 KHz - 5330000 KHz @ 40000 KHz), (300 mBi, 2000 mBm)
cfg80211:     (5490000 KHz - 5600000 KHz @ 40000 KHz), (300 mBi, 2000 mBm)
cfg80211:     (5650000 KHz - 5710000 KHz @ 40000 KHz), (300 mBi, 2000 mBm)
cfg80211:     (5735000 KHz - 5835000 KHz @ 40000 KHz), (300 mBi, 3000 mBm)
PPP generic driver version 2.4.2
ip_tables: (C) 2000-2006 Netfilter Core Team
NET: Registered protocol family 24
ehci_hcd: USB 2.0 &#39;Enhanced&#39; Host Controller (EHCI) Driver
ar71xx-ehci ar71xx-ehci: Atheros AR71xx built-in EHCI controller
ar71xx-ehci ar71xx-ehci: new USB bus registered, assigned bus number 1
ar71xx-ehci ar71xx-ehci: irq 3, io mem 0x1b000000
ar71xx-ehci ar71xx-ehci: USB 2.0 started, EHCI 1.00
usb usb1: configuration #1 chosen from 1 choice
hub 1-0:1.0: USB hub found
hub 1-0:1.0: 2 ports detected
nf_conntrack version 0.5.0 (969 buckets, 3876 max)
CONFIG_NF_CT_ACCT is deprecated and will be removed soon. Please use
nf_conntrack.acct=1 kernel parameter, acct=1 nf_conntrack module option or
sysctl net.netfilter.nf_conntrack_acct=1 to enable it.
ohci_hcd: USB 1.1 &#39;Open&#39; Host Controller (OHCI) Driver
ar71xx-ohci ar71xx-ohci: Atheros AR71xx built-in OHCI controller
ar71xx-ohci ar71xx-ohci: new USB bus registered, assigned bus number 2
ar71xx-ohci ar71xx-ohci: irq 14, io mem 0x1c000000
usb usb2: configuration #1 chosen from 1 choice
hub 2-0:1.0: USB hub found
hub 2-0:1.0: 2 ports detected
jffs2_scan_eraseblock(): End of filesystem marker found at 0x0
jffs2_build_filesystem(): unlocking the mtd device... done.
jffs2_build_filesystem(): erasing all blocks after the end marker... done.
mini_fo: using base directory: /
mini_fo: using storage directory: /overlay
ar71xx-wdt: enabling watchdog timer
tun: Universal TUN/TAP device driver, 1.6
tun: (C) 1999-2004 Max Krasnyansky &#60;maxk@qualcomm.com&#62;
xt_time: kernel timezone is -0000
</textarea>
</div>
<div class="clear"></div>
</div>
</div>

<p class="luci"><a href="../../../abouthtml.html">Powered by LuCI Trunk (v0.10+svn6924)</a></p>
</body>

<!-- Mirrored from 192.168.1.1/cgi-bin/luci/;stok=a60874d2283a270704d35fda36d0f49c/admin/status/dmesg/ by HTTrack Website Copier/3.x [XR&CO'2010], Thu, 24 Feb 2011 17:18:35 GMT -->
<!-- Added by HTTrack --><meta http-equiv="content-type" content="text/html;charset=UTF-8"><!-- /Added by HTTrack -->
</html>

